// Jest Snapshot v1, https://goo.gl/fbAQLP

exports[`QuestionCard Renders Question  1`] = `ShallowWrapper {}`;
